DEBUG:root:Test2019-04-01 06:14:44.354843
DEBUG:root:Test2019-04-01 06:18:14.016862
DEBUG:root:Test2019-04-01 06:44:08.300496
DEBUG:root:Test2019-04-01 06:56:48.993609
DEBUG:root:Test2019-04-01 07:43:43.291938
DEBUG:root:Test2019-04-01 07:44:02.141780
DEBUG:root:Test2019-04-01 07:45:01.455784
DEBUG:root:Test2019-04-01 07:46:01.780369
DEBUG:root:Test2019-04-01 07:47:02.125431
DEBUG:root:Test2019-04-01 07:48:01.443166
DEBUG:root:Test2019-04-01 07:49:01.513482
DEBUG:root:Test2019-04-01 07:50:01.738688
DEBUG:root:Test2019-04-01 08:23:55.948879
DEBUG:root:Test2019-04-01 08:24:02.042816
DEBUG:root:Test2019-04-01 08:25:02.117144
DEBUG:root:Test2019-04-01 08:26:02.171502
DEBUG:root:Test2019-04-01 08:27:02.234727
DEBUG:root:Test2019-04-01 08:28:01.333538
DEBUG:root:Test2019-04-01 08:29:01.387038
DEBUG:root:Test2019-04-01 08:30:01.510997
DEBUG:root:Test2019-04-01 08:31:01.609514
DEBUG:root:Test2019-04-01 08:32:01.680388
DEBUG:root:Test2019-04-01 08:36:15.481117
DEBUG:root:Test2019-04-01 08:36:15.583628
DEBUG:root:Test2019-04-01 08:36:16.100170
DEBUG:root:Test2019-04-01 08:36:16.259563
DEBUG:root:Test2019-04-01 08:37:01.544557
DEBUG:root:Test2019-04-01 08:38:01.602984
DEBUG:root:Test2019-04-01 08:39:01.666830
DEBUG:root:Test2019-04-01 08:40:01.750437
DEBUG:root:Test2019-04-01 08:41:01.838762
